ubuntu@ip-10-1-30-44:~$ mysql -u admin -p -h database-replica.cqwkw0lsnl7b.eu-central-1.rds.amazonaws.com
Enter password: 
Welcome to the MySQL monitor.  Commands end with ; or \g.
Your MySQL connection id is 7
Server version: 5.7.22-log Source distribution

Copyright (c) 2000, 2020, Oracle and/or its affiliates. All rights reserved.

Oracle is a registered trademark of Oracle Corporation and/or its
affiliates. Other names may be trademarks of their respective
owners.

Type 'help;' or '\h' for help. Type '\c' to clear the current input statement.

mysql> USE udacity
Reading table information for completion of table and column names
You can turn off this feature to get a quicker startup with -A

Database changed
mysql> CREATE TABLE MyStudents ( id INT(6) UNSIGNED AUTO_INCREMENT PRIMARY KEY, firstname VARCHAR(30) NOT NULL, lastname VARCHAR(30) NOT NULL, email VARCHAR(50), reg_date TIMESTAMP DEFAULT CURRENT_TIMESTAMP ON UPDATE CURRENT_TIMESTAMP );
Query OK, 0 rows affected (0.04 sec)                                                                        
 CURRE
mysql>  INSERT INTO table_name (column1, column2, column3,...)
    -> exit;
exit;astname VARCHAR(30) NOT NULL, email VARCHAR(50), reg_date TIMESTAMP DEFAULT CURRENT_TIMESTAMP ON UPDATE^CURRENT_TIMESTAMP )
mysql>                                                                                                                                                                                                                                                                         
mysql>                                                                                                                                                                                                                                                                         
mysql>                                                                                                                                                                                                                                                                         
mysql>                                                                                                                                                                                                                                                                         
mysql>                                                                                                                                                                                                                                                                         
mysql> clear;
mysql> INSERT INTO Mystudents ( firstname , lastname)
    -> VALUES('John', 'Doe', 'johndoe@example.com');
ERROR 1146 (42S02): Table 'udacity.Mystudents' doesn't exist                                                                                                                                                                                                                   
mysql> INSERT INTO MyStudents ( firstname , lastname) VALUES('John', 'Doe', 'johndoe@example.com');                                                                                                                                                                            
ERROR 1136 (21S01): Column count doesn't match value count at row 1                                                                                                                                                                                                            
mysql> INSERT INTO MyStudents ( firstname , lastname, email) VALUES('John', 'Doe', 'johndoe@example.com');                                                                                                                                                                     
Query OK, 1 row affected (0.02 sec)                                                                                                                                                                                                                                            
                                                                                                                                                                                                                                                                               
mysql> select * from MyStudents
    -> exit;                                                                                                                                                                                                                                                                   
ERROR 1064 (42000): You have an error in your SQL syntax; check the manual that corresponds to your MySQL server version for the right syntax to use near 'exit' at line 2                                                                                                     
mysql> select * from MyStudents;
+----+-----------+----------+---------------------+---------------------+
| id | firstname | lastname | email               | reg_date            |
+----+-----------+----------+---------------------+---------------------+
|  1 | John      | Doe      | johndoe@example.com | 2020-07-11 20:51:08 |
+----+-----------+----------+---------------------+---------------------+
1 row in set (0.00 sec)

mysql> INSERT INTO MyStudents ( firstname , lastname, email) VALUES('Fiyin', 'Ashamu', 'fionadoe@example.com');
Query OK, 1 row affected (0.01 sec)

mysql> select * from MyStudents;
+----+-----------+----------+----------------------+---------------------+
| id | firstname | lastname | email                | reg_date            |
+----+-----------+----------+----------------------+---------------------+
|  1 | John      | Doe      | johndoe@example.com  | 2020-07-11 20:51:08 |
|  2 | Fiyin     | Ashamu   | fionadoe@example.com | 2020-07-11 20:53:26 |
+----+-----------+----------+----------------------+---------------------+
2 rows in set (0.01 sec)
